// Jest Snapshot v1, https://goo.gl/fbAQLP

exports[`<CreateRecipientGroup/> spec renders the component 1`] = `
<div
  class="euiText euiText--small"
>
  <h1>
    Create recipient group
  </h1>
</div>
`;
