// Jest Snapshot v1, https://goo.gl/fbAQLP

exports[`<EmailGroups/> spec renders the component 1`] = `
<div
  class="euiText euiText--small"
>
  <h1>
    Email recipient groups
  </h1>
</div>
`;
